Microchip Technology Inc, v1.61 (B)

Tool Name:
  c:\program files\microchip\xc16\v1.61\bin\bin\..\bin/elf-ld.exe

Command:
  -p24FJ128GA010 \
  --mdfp=C:/Program Files/Microchip/MPLABX/v5.45/packs/Microchip/PIC24F-GA-GB_DFP/1.4.141/xc16 \
  -o \
  dist/default/debug/FreeRTOS.debug.elf \
  -Lc:/program files/microchip/xc16/v1.61/bin/bin/.. \
  -LC:/Program Files/Microchip/MPLABX/v5.45/packs/Microchip/PIC24F-GA-GB_DFP/1.4.141/xc16/bin/../support/PIC24F/gld \
  -Lc:/program files/microchip/xc16/v1.61/bin/bin/../../lib \
  -Lc:/program files/microchip/xc16/v1.61/bin/bin/../../support/PIC24E/gld \
  -Lc:/program files/microchip/xc16/v1.61/bin/bin/../../support/PIC24F/gld \
  -Lc:/program files/microchip/xc16/v1.61/bin/bin/../../support/PIC24H/gld \
  -Lc:/program files/microchip/xc16/v1.61/bin/bin/../../support/dsPIC30F/gld \
  -Lc:/program files/microchip/xc16/v1.61/bin/bin/../../support/dsPIC33C/gld \
  -Lc:/program files/microchip/xc16/v1.61/bin/bin/../../support/dsPIC33E/gld \
  -Lc:/program files/microchip/xc16/v1.61/bin/bin/../../support/dsPIC33F/gld \
  build/default/debug/list.o \
  build/default/debug/main.o \
  build/default/debug/port.o \
  build/default/debug/queue.o \
  build/default/debug/tasks.o \
  build/default/debug/heap_1.o \
  build/default/debug/event_groups.o \
  build/default/debug/portasm_PIC24.o \
  build/default/debug/user_task.o \
  --defsym=__MPLAB_BUILD=1 \
  --defsym=__MPLAB_DEBUG=1 \
  --defsym=__DEBUG=1 \
  -Tp24FJ128GA010.gld.00 \
  --stack=16 \
  --check-sections \
  --data-init \
  --pack-data \
  --handles \
  --isr \
  --no-gc-sections \
  --fill-upper=0 \
  --stackguard=16 \
  --no-force-link \
  --smart-io \
  -Map=dist/default/debug/FreeRTOS.debug.map \
  --report-mem \
  --memorysummary \
  dist/default/debug/memoryfile.xml \
  -start-group \
  --library=lega-pic30-elf \
  --library=m-elf \
  --library=lega-c-elf \
  -end-group \


Optional library libpPIC24Fxxx.a not found
Archive member included because of file (symbol)

c:/program files/microchip/xc16/v1.61/bin/bin/../../lib\liblega-pic30-elf.a(crt0_standard.o)
                              (__resetPRI)
c:/program files/microchip/xc16/v1.61/bin/bin/../../lib\liblega-pic30-elf.a(data_init_standard.o)
                              c:/program files/microchip/xc16/v1.61/bin/bin/../../lib\liblega-pic30-elf.a(crt0_standard.o) (__data_init_standard)
c:/program files/microchip/xc16/v1.61/bin/bin/../../lib\liblega-pic30-elf.a(crt_start_mode_normal.Leo)
                              (__crt_start_mode_normal)
c:/program files/microchip/xc16/v1.61/bin/bin/../../lib\liblega-c-elf.a(memcpy.XX_eo)
                              build/default/debug/queue.o (_memcpy)


xc16-ld 1.61 (B)

Default Code Model: Small
Default Data Model: Large
Default Scalar Model: Small

"program" Memory  [Origin = 0x200, Length = 0x155fc]

section                    address   length (PC units)   length (bytes) (dec)
-------                    -------   -----------------   --------------------
.text                        0x200               0x156           0x201  (513)
.const                       0x356                0x52            0x7b  (123)
.text                        0x3a8              0x1cce          0x2b35  (11061)
.dinit                      0x2076                0x34            0x4e  (78)

                 Total "program" memory used (bytes):         0x2dff  (11775) 8%


"data" Memory  [Origin = 0x800, Length = 0x2000]

section                    address      alignment gaps    total length  (dec)
-------                    -------      --------------    -------------------
.nbss                        0x800                   0            0x24  (36)
.ndata                       0x824                   0             0x2  (2)
.nbss                        0x826                   0             0x4  (4)
.bss                         0x82a                   0          0x14c0  (5312)

                 Total "data" memory used (bytes):         0x14ea  (5354) 65%


Dynamic Memory Usage

region                     address                      maximum length  (dec)
------                     -------                      ---------------------
heap                             0                                   0  (0)
stack                       0x1cea                               0xb16  (2838)

                 Maximum dynamic memory (bytes):          0xb16  (2838)

Info: Project is using a large data memory model when small data memory model is sufficient.


External Symbols in Data Memory (by address):

                    0x0800                  _pxCurrentTCB
                    0x0802                  _pxDelayedTaskList
                    0x0804                  _pxOverflowDelayedTaskList
                    0x0806                  _uxCurrentNumberOfTasks
                    0x0808                  _xTickCount
                    0x080a                  _uxTopReadyPriority
                    0x080c                  _xSchedulerRunning
                    0x080e                  _uxPendedTicks
                    0x0810                  _xYieldPending
                    0x0812                  _xNumOfOverflows
                    0x0814                  _uxTaskNumber
                    0x0816                  _xNextTaskUnblockTime
                    0x0818                  _xIdleTaskHandle
                    0x081a                  _uxSchedulerSuspended
                    0x081c                  _w_machine
                    0x0820                  _i_machine
                    0x0824                  _uxCriticalNesting
                    0x0828                  _flag
                    0x1c2a                  _f_clothes
                    0x1c9a                  _pxReadyTasksLists
                    0x1cc2                  _xDelayedTaskList1
                    0x1ccc                  _xDelayedTaskList2
                    0x1cd6                  _xPendingReadyList
                    0x1ce0                  _xSuspendedTaskList

External Symbols in Data Memory (by name):

                    0x1c2a                  _f_clothes
                    0x0828                  _flag
                    0x0820                  _i_machine
                    0x0800                  _pxCurrentTCB
                    0x0802                  _pxDelayedTaskList
                    0x0804                  _pxOverflowDelayedTaskList
                    0x1c9a                  _pxReadyTasksLists
                    0x0824                  _uxCriticalNesting
                    0x0806                  _uxCurrentNumberOfTasks
                    0x080e                  _uxPendedTicks
                    0x081a                  _uxSchedulerSuspended
                    0x0814                  _uxTaskNumber
                    0x080a                  _uxTopReadyPriority
                    0x081c                  _w_machine
                    0x1cc2                  _xDelayedTaskList1
                    0x1ccc                  _xDelayedTaskList2
                    0x0818                  _xIdleTaskHandle
                    0x0816                  _xNextTaskUnblockTime
                    0x0812                  _xNumOfOverflows
                    0x1cd6                  _xPendingReadyList
                    0x080c                  _xSchedulerRunning
                    0x1ce0                  _xSuspendedTaskList
                    0x0808                  _xTickCount
                    0x0810                  _xYieldPending

External Symbols in Program Memory (by address):

                  0x000200                  __resetPRI
                  0x00023c                  __psv_init
                  0x000252                  __data_init_standard
                  0x000252                  __data_init
                  0x0002d8                  __T1Interrupt
                  0x000308                  __INT0Interrupt
                  0x000342                  __DefaultInterrupt
                  0x000348                  _memcpy
                  0x0003a8                  _xTaskCreate
                  0x000412                  _prvInitialiseNewTask
                  0x0004d6                  _prvAddNewTaskToReadyList
                  0x000552                  _vTaskDelay
                  0x00057c                  _vTaskSuspend
                  0x0005ee                  _prvTaskIsTaskSuspended
                  0x000620                  _vTaskResume
                  0x00067e                  _xTaskResumeFromISR
                  0x0006e8                  _vTaskStartScheduler
                  0x00071e                  _vTaskEndScheduler
                  0x000736                  _vTaskSuspendAll
                  0x000742                  _xTaskResumeAll
                  0x0007ec                  _xTaskGetTickCount
                  0x0007fc                  _xTaskGetTickCountFromISR
                  0x00080c                  _uxTaskGetNumberOfTasks
                  0x000814                  _pcTaskGetName
                  0x00082e                  _xTaskIncrementTick
                  0x00090c                  _vTaskSwitchContext
                  0x000970                  _vTaskPlaceOnEventList
                  0x00098a                  _vTaskPlaceOnUnorderedEventList
                  0x0009ae                  _xTaskRemoveFromEventList
                  0x000a1c                  _vTaskRemoveFromUnorderedEventList
                  0x000a70                  _vTaskSetTimeOutState
                  0x000a88                  _vTaskInternalSetTimeOutState
                  0x000a9c                  _xTaskCheckForTimeOut
                  0x000b0c                  _vTaskMissedYield
                  0x000b16                  _prvIdleTask
                  0x000b1e                  _prvInitialiseTaskLists
                  0x000b56                  _prvCheckTasksWaitingTermination
                  0x000b5c                  _prvResetNextTaskUnblockTime
                  0x000b7e                  _uxTaskResetEventItemValue
                  0x000b96                  _ulTaskNotifyTake
                  0x000c02                  _xTaskNotifyWait
                  0x000cbe                  _xTaskGenericNotify
                  0x000da6                  _xTaskGenericNotifyFromISR
                  0x000eac                  _vTaskNotifyGiveFromISR
                  0x000f34                  _xTaskNotifyStateClear
                  0x000f68                  _prvAddCurrentTaskToDelayedList
                  0x000fc4                  _xQueueGenericReset
                  0x00104c                  _xQueueGenericCreate
                  0x0010ca                  _xQueueGenericSend
                  0x0011a8                  _xQueueGenericSendFromISR
                  0x00121a                  _xQueueGiveFromISR
                  0x001286                  _xQueueReceive
                  0x00135e                  _xQueueSemaphoreTake
                  0x00142e                  _xQueuePeek
                  0x00150a                  _xQueueReceiveFromISR
                  0x00157a                  _xQueuePeekFromISR
                  0x0015b2                  _uxQueueMessagesWaiting
                  0x0015c6                  _uxQueueSpacesAvailable
                  0x0015e4                  _uxQueueMessagesWaitingFromISR
                  0x0015f8                  _vQueueDelete
                  0x001782                  _xQueueIsQueueEmptyFromISR
                  0x0017c6                  _xQueueIsQueueFullFromISR
                  0x0017ea                  _xEventGroupCreate
                  0x001808                  _xEventGroupSync
                  0x0018c4                  _xEventGroupWaitBits
                  0x0019a4                  _xEventGroupClearBits
                  0x0019cc                  _xEventGroupGetBitsFromISR
                  0x0019e4                  _xEventGroupSetBits
                  0x001aae                  _vEventGroupDelete
                  0x001ad8                  _vEventGroupSetBitsCallback
                  0x001aea                  _vEventGroupClearBitsCallback
                  0x001b34                  _config_tasks
                  0x001b4a                  _task_read_buttons
                  0x001bea                  _check_wash
                  0x001c62                  _run_wash
                  0x001cb0                  _check_ironing
                  0x001cfc                  _run_ironing
                  0x001d42                  _vListInitialise
                  0x001d74                  _vListInitialiseItem
                  0x001d82                  _vListInsertEnd
                  0x001dbe                  _vListInsert
                  0x001e22                  _uxListRemove
                  0x001e6a                  _pxPortInitialiseStack
                  0x001efa                  _xPortStartScheduler
                  0x001f28                  _vPortEndScheduler
                  0x001f56                  _vPortEnterCritical
                  0x001f70                  _vPortExitCritical
                  0x001f8c                  _pvPortMalloc
                  0x001fd6                  _vPortFree
                  0x001fde                  _vPortInitialiseBlocks
                  0x001fe6                  _xPortGetFreeHeapSize
                  0x001ff2                  _vPortYield
                  0x002042                  _main

External Symbols in Program Memory (by name):

                  0x000342                  __DefaultInterrupt
                  0x000308                  __INT0Interrupt
                  0x0002d8                  __T1Interrupt
                  0x000252                  __data_init
                  0x000252                  __data_init_standard
                  0x00023c                  __psv_init
                  0x000200                  __resetPRI
                  0x001cb0                  _check_ironing
                  0x001bea                  _check_wash
                  0x001b34                  _config_tasks
                  0x002042                  _main
                  0x000348                  _memcpy
                  0x000814                  _pcTaskGetName
                  0x000f68                  _prvAddCurrentTaskToDelayedList
                  0x0004d6                  _prvAddNewTaskToReadyList
                  0x000b56                  _prvCheckTasksWaitingTermination
                  0x000b16                  _prvIdleTask
                  0x000412                  _prvInitialiseNewTask
                  0x000b1e                  _prvInitialiseTaskLists
                  0x000b5c                  _prvResetNextTaskUnblockTime
                  0x0005ee                  _prvTaskIsTaskSuspended
                  0x001f8c                  _pvPortMalloc
                  0x001e6a                  _pxPortInitialiseStack
                  0x001cfc                  _run_ironing
                  0x001c62                  _run_wash
                  0x001b4a                  _task_read_buttons
                  0x000b96                  _ulTaskNotifyTake
                  0x001e22                  _uxListRemove
                  0x0015b2                  _uxQueueMessagesWaiting
                  0x0015e4                  _uxQueueMessagesWaitingFromISR
                  0x0015c6                  _uxQueueSpacesAvailable
                  0x00080c                  _uxTaskGetNumberOfTasks
                  0x000b7e                  _uxTaskResetEventItemValue
                  0x001aea                  _vEventGroupClearBitsCallback
                  0x001aae                  _vEventGroupDelete
                  0x001ad8                  _vEventGroupSetBitsCallback
                  0x001d42                  _vListInitialise
                  0x001d74                  _vListInitialiseItem
                  0x001dbe                  _vListInsert
                  0x001d82                  _vListInsertEnd
                  0x001f28                  _vPortEndScheduler
                  0x001f56                  _vPortEnterCritical
                  0x001f70                  _vPortExitCritical
                  0x001fd6                  _vPortFree
                  0x001fde                  _vPortInitialiseBlocks
                  0x001ff2                  _vPortYield
                  0x0015f8                  _vQueueDelete
                  0x000552                  _vTaskDelay
                  0x00071e                  _vTaskEndScheduler
                  0x000a88                  _vTaskInternalSetTimeOutState
                  0x000b0c                  _vTaskMissedYield
                  0x000eac                  _vTaskNotifyGiveFromISR
                  0x000970                  _vTaskPlaceOnEventList
                  0x00098a                  _vTaskPlaceOnUnorderedEventList
                  0x000a1c                  _vTaskRemoveFromUnorderedEventList
                  0x000620                  _vTaskResume
                  0x000a70                  _vTaskSetTimeOutState
                  0x0006e8                  _vTaskStartScheduler
                  0x00057c                  _vTaskSuspend
                  0x000736                  _vTaskSuspendAll
                  0x00090c                  _vTaskSwitchContext
                  0x0019a4                  _xEventGroupClearBits
                  0x0017ea                  _xEventGroupCreate
                  0x0019cc                  _xEventGroupGetBitsFromISR
                  0x0019e4                  _xEventGroupSetBits
                  0x001808                  _xEventGroupSync
                  0x0018c4                  _xEventGroupWaitBits
                  0x001fe6                  _xPortGetFreeHeapSize
                  0x001efa                  _xPortStartScheduler
                  0x00104c                  _xQueueGenericCreate
                  0x000fc4                  _xQueueGenericReset
                  0x0010ca                  _xQueueGenericSend
                  0x0011a8                  _xQueueGenericSendFromISR
                  0x00121a                  _xQueueGiveFromISR
                  0x001782                  _xQueueIsQueueEmptyFromISR
                  0x0017c6                  _xQueueIsQueueFullFromISR
                  0x00142e                  _xQueuePeek
                  0x00157a                  _xQueuePeekFromISR
                  0x001286                  _xQueueReceive
                  0x00150a                  _xQueueReceiveFromISR
                  0x00135e                  _xQueueSemaphoreTake
                  0x000a9c                  _xTaskCheckForTimeOut
                  0x0003a8                  _xTaskCreate
                  0x000cbe                  _xTaskGenericNotify
                  0x000da6                  _xTaskGenericNotifyFromISR
                  0x0007ec                  _xTaskGetTickCount
                  0x0007fc                  _xTaskGetTickCountFromISR
                  0x00082e                  _xTaskIncrementTick
                  0x000f34                  _xTaskNotifyStateClear
                  0x000c02                  _xTaskNotifyWait
                  0x0009ae                  _xTaskRemoveFromEventList
                  0x000742                  _xTaskResumeAll
                  0x00067e                  _xTaskResumeFromISR

Memory Configuration

Name             Origin             Length             Attributes
data             0x000800           0x002000           a !xr
reset            0x000000           0x000004  
ivt              0x000004           0x0000fc  
_reserved        0x000100           0x000004  
aivt             0x000104           0x0000fc  
program          0x000200           0x0155fc           xr
CONFIG2          0x0157fc           0x000002  
CONFIG1          0x0157fe           0x000002  
*default*        0x000000           0xffffffff  

Linker script and memory map

LOAD build/default/debug/list.o
LOAD build/default/debug/main.o
LOAD build/default/debug/port.o
LOAD build/default/debug/queue.o
LOAD build/default/debug/tasks.o
LOAD build/default/debug/heap_1.o
LOAD build/default/debug/event_groups.o
LOAD build/default/debug/portasm_PIC24.o
LOAD build/default/debug/user_task.o
                    0x0001                  __MPLAB_BUILD = 0x1
                    0x0001                  __MPLAB_DEBUG = 0x1
                    0x0001                  __DEBUG = 0x1
LOAD pPIC24Fxxx
LOAD c:/program files/microchip/xc16/v1.61/bin/bin/../../lib\libfx-elf.a
                    0x157fc                  __CONFIG2 = 0x157fc
                    0x157fe                  __CONFIG1 = 0x157fe
                    0x0200                  __CODE_BASE = 0x200
                    0x155fc                  __CODE_LENGTH = 0x155fc
                    0x0004                  __IVT_BASE = 0x4
                    0x0104                  __AIVT_BASE = 0x104
                    0x0800                  __DATA_BASE = 0x800
                    0x2000                  __DATA_LENGTH = 0x2000

.reset            0x000000          0x4
                  0x000000          0x2 SHORT 0x200 ABSOLUTE (__reset)
                  0x000001          0x2 SHORT 0x4
                  0x000002          0x2 SHORT 0x0 ((ABSOLUTE (__reset) >> 0x10) & 0x7f)
                  0x000003          0x2 SHORT 0x0

.text             0x000200        0x156
 *(.init)
 .init            0x000200         0x4c c:/program files/microchip/xc16/v1.61/bin/bin/../../lib\liblega-pic30-elf.a(crt0_standard.o)
                  0x000200                  __resetPRI
                  0x000200                  __reset
                  0x00023c                  __psv_init
 .init            0x00024c         0x7c c:/program files/microchip/xc16/v1.61/bin/bin/../../lib\liblega-pic30-elf.a(data_init_standard.o)
                  0x000252                  __data_init_standard
                  0x000252                  __data_init
 *(.user_init)
 *(.handle)
 .handle          0x0002c8         0x10 jump_table
 *(.isr*)
 .isr.text        0x0002d8         0x30 build/default/debug/port.o
                  0x0002d8                  __T1Interrupt
 .isr.text        0x000308         0x3a build/default/debug/user_task.o
                  0x000308                  __INT0Interrupt
 .isr             0x000342          0x4 default_isr
                  0x000342                  __DefaultInterrupt
 *(.libc)
 *(.libm)
 *(.libdsp)
 *(.lib*)
 .libpic30_crt_start_mode
                  0x000346          0x2 c:/program files/microchip/xc16/v1.61/bin/bin/../../lib\liblega-pic30-elf.a(crt_start_mode_normal.Leo)
                  0x000346                  __crt_start_mode
                  0x000346                  __crt_start_mode_normal
 .libc.memcpy     0x000348          0xe c:/program files/microchip/xc16/v1.61/bin/bin/../../lib\liblega-c-elf.a(memcpy.XX_eo)
                  0x000348                  _memcpy

usercode
 *(usercode)

__CONFIG2
 *(__CONFIG2.sec*)

__CONFIG1
 *(__CONFIG1.sec*)

.comment
 *(.comment)

.debug_info       0x000000       0x5096
 *(.debug_info)
 .debug_info      0x000000        0x43b build/default/debug/list.o
 .debug_info      0x00043b        0x323 build/default/debug/main.o
 .debug_info      0x00075e        0xaf5 build/default/debug/port.o
 .debug_info      0x001253       0x1023 build/default/debug/queue.o
 .debug_info      0x002276       0x1808 build/default/debug/tasks.o
 .debug_info      0x003a7e        0x298 build/default/debug/heap_1.o
 .debug_info      0x003d16        0x8ee build/default/debug/event_groups.o
 .debug_info      0x004604         0x8a build/default/debug/portasm_PIC24.o
 .debug_info      0x00468e        0xa08 build/default/debug/user_task.o
 *(.gnu.linkonce.wi.*)

.debug_abbrev     0x000000        0xa9a
 *(.debug_abbrev)
 .debug_abbrev    0x000000         0xe1 build/default/debug/list.o
 .debug_abbrev    0x0000e1         0x84 build/default/debug/main.o
 .debug_abbrev    0x000165        0x1e3 build/default/debug/port.o
 .debug_abbrev    0x000348        0x1a6 build/default/debug/queue.o
 .debug_abbrev    0x0004ee        0x1ed build/default/debug/tasks.o
 .debug_abbrev    0x0006db         0xe2 build/default/debug/heap_1.o
 .debug_abbrev    0x0007bd        0x147 build/default/debug/event_groups.o
 .debug_abbrev    0x000904         0x14 build/default/debug/portasm_PIC24.o
 .debug_abbrev    0x000918        0x182 build/default/debug/user_task.o

.debug_line       0x000000        0xd43
 *(.debug_line)
 .debug_line      0x000000         0xca build/default/debug/list.o
 .debug_line      0x0000ca         0x4e build/default/debug/main.o
 .debug_line      0x000118        0x16d build/default/debug/port.o
 .debug_line      0x000285        0x2c7 build/default/debug/queue.o
 .debug_line      0x00054c        0x3ef build/default/debug/tasks.o
 .debug_line      0x00093b         0xa6 build/default/debug/heap_1.o
 .debug_line      0x0009e1        0x164 build/default/debug/event_groups.o
 .debug_line      0x000b45         0x62 build/default/debug/portasm_PIC24.o
 .debug_line      0x000ba7        0x19c build/default/debug/user_task.o

.debug_frame      0x000000        0xa76
 *(.debug_frame)
 .debug_frame     0x000000         0x96 build/default/debug/list.o
 .debug_frame     0x000096         0x2e build/default/debug/main.o
 .debug_frame     0x0000c4         0xf6 build/default/debug/port.o
 .debug_frame     0x0001ba        0x250 build/default/debug/queue.o
 .debug_frame     0x00040a        0x3fe build/default/debug/tasks.o
 .debug_frame     0x000808         0x7c build/default/debug/heap_1.o
 .debug_frame     0x000884        0x118 build/default/debug/event_groups.o
 .debug_frame     0x00099c         0xda build/default/debug/user_task.o

.debug_str        0x000000        0x55a
 *(.debug_str)
 .debug_str       0x000000         0x2b build/default/debug/list.o
 .debug_str       0x00002b         0x37 build/default/debug/port.o
 .debug_str       0x000062        0x129 build/default/debug/queue.o
 .debug_str       0x00018b        0x28b build/default/debug/tasks.o
 .debug_str       0x000416         0xe6 build/default/debug/event_groups.o
 .debug_str       0x0004fc         0x5e build/default/debug/user_task.o

.debug_loc
 *(.debug_loc)

.debug_macinfo
 *(.debug_macinfo)

.debug_pubnames
                  0x000000        0xa74
 *(.debug_pubnames)
 .debug_pubnames
                  0x000000         0x72 build/default/debug/list.o
 .debug_pubnames
                  0x000072         0x45 build/default/debug/main.o
 .debug_pubnames
                  0x0000b7         0xd6 build/default/debug/port.o
 .debug_pubnames
                  0x00018d        0x196 build/default/debug/queue.o
 .debug_pubnames
                  0x000323        0x562 build/default/debug/tasks.o
 .debug_pubnames
                  0x000885         0x64 build/default/debug/heap_1.o
 .debug_pubnames
                  0x0008e9         0xf8 build/default/debug/event_groups.o
 .debug_pubnames
                  0x0009e1         0x93 build/default/debug/user_task.o

.debug_ranges
 *(.debug_ranges)

.debug_aranges    0x000000         0xd8
 *(.debug_aranges)
 .debug_aranges
                  0x000000         0x18 build/default/debug/list.o
 .debug_aranges
                  0x000018         0x18 build/default/debug/main.o
 .debug_aranges
                  0x000030         0x18 build/default/debug/port.o
 .debug_aranges
                  0x000048         0x18 build/default/debug/queue.o
 .debug_aranges
                  0x000060         0x18 build/default/debug/tasks.o
 .debug_aranges
                  0x000078         0x18 build/default/debug/heap_1.o
 .debug_aranges
                  0x000090         0x18 build/default/debug/event_groups.o
 .debug_aranges
                  0x0000a8         0x18 build/default/debug/portasm_PIC24.o
 .debug_aranges
                  0x0000c0         0x18 build/default/debug/user_task.o
                    0x0000                  WREG0 = 0x0
                    0x0000                  _WREG0 = 0x0
                    0x0002                  WREG1 = 0x2
                    0x0002                  _WREG1 = 0x2
                    0x0004                  WREG2 = 0x4
                    0x0004                  _WREG2 = 0x4
                    0x0006                  WREG3 = 0x6
                    0x0006                  _WREG3 = 0x6
                    0x0008                  WREG4 = 0x8
                    0x0008                  _WREG4 = 0x8
                    0x000a                  WREG5 = 0xa
                    0x000a                  _WREG5 = 0xa
                    0x000c                  WREG6 = 0xc
                    0x000c                  _WREG6 = 0xc
                    0x000e                  WREG7 = 0xe
                    0x000e                  _WREG7 = 0xe
                    0x0010                  WREG8 = 0x10
                    0x0010                  _WREG8 = 0x10
                    0x0012                  WREG9 = 0x12
                    0x0012                  _WREG9 = 0x12
                    0x0014                  WREG10 = 0x14
                    0x0014                  _WREG10 = 0x14
                    0x0016                  WREG11 = 0x16
                    0x0016                  _WREG11 = 0x16
                    0x0018                  WREG12 = 0x18
                    0x0018                  _WREG12 = 0x18
                    0x001a                  WREG13 = 0x1a
                    0x001a                  _WREG13 = 0x1a
                    0x001c                  WREG14 = 0x1c
                    0x001c                  _WREG14 = 0x1c
                    0x001e                  WREG15 = 0x1e
                    0x001e                  _WREG15 = 0x1e
                    0x0020                  SPLIM = 0x20
                    0x0020                  _SPLIM = 0x20
                    0x002e                  PCL = 0x2e
                    0x002e                  _PCL = 0x2e
                    0x0030                  PCH = 0x30
                    0x0030                  _PCH = 0x30
                    0x0032                  TBLPAG = 0x32
                    0x0032                  _TBLPAG = 0x32
                    0x0034                  PSVPAG = 0x34
                    0x0034                  _PSVPAG = 0x34
                    0x0036                  RCOUNT = 0x36
                    0x0036                  _RCOUNT = 0x36
                    0x0042                  SR = 0x42
                    0x0042                  _SR = 0x42
                    0x0042                  _SRbits = 0x42
                    0x0044                  CORCON = 0x44
                    0x0044                  _CORCON = 0x44
                    0x0044                  _CORCONbits = 0x44
                    0x0052                  DISICNT = 0x52
                    0x0052                  _DISICNT = 0x52
                    0x0060                  CNEN1 = 0x60
                    0x0060                  _CNEN1 = 0x60
                    0x0060                  _CNEN1bits = 0x60
                    0x0062                  CNEN2 = 0x62
                    0x0062                  _CNEN2 = 0x62
                    0x0062                  _CNEN2bits = 0x62
                    0x0068                  CNPU1 = 0x68
                    0x0068                  _CNPU1 = 0x68
                    0x0068                  _CNPU1bits = 0x68
                    0x006a                  CNPU2 = 0x6a
                    0x006a                  _CNPU2 = 0x6a
                    0x006a                  _CNPU2bits = 0x6a
                    0x0080                  INTCON1 = 0x80
                    0x0080                  _INTCON1 = 0x80
                    0x0080                  _INTCON1bits = 0x80
                    0x0082                  INTCON2 = 0x82
                    0x0082                  _INTCON2 = 0x82
                    0x0082                  _INTCON2bits = 0x82
                    0x0084                  IFS0 = 0x84
                    0x0084                  _IFS0 = 0x84
                    0x0084                  _IFS0bits = 0x84
                    0x0086                  IFS1 = 0x86
                    0x0086                  _IFS1 = 0x86
                    0x0086                  _IFS1bits = 0x86
                    0x0088                  IFS2 = 0x88
                    0x0088                  _IFS2 = 0x88
                    0x0088                  _IFS2bits = 0x88
                    0x008a                  IFS3 = 0x8a
                    0x008a                  _IFS3 = 0x8a
                    0x008a                  _IFS3bits = 0x8a
                    0x008c                  IFS4 = 0x8c
                    0x008c                  _IFS4 = 0x8c
                    0x008c                  _IFS4bits = 0x8c
                    0x0094                  IEC0 = 0x94
                    0x0094                  _IEC0 = 0x94
                    0x0094                  _IEC0bits = 0x94
                    0x0096                  IEC1 = 0x96
                    0x0096                  _IEC1 = 0x96
                    0x0096                  _IEC1bits = 0x96
                    0x0098                  IEC2 = 0x98
                    0x0098                  _IEC2 = 0x98
                    0x0098                  _IEC2bits = 0x98
                    0x009a                  IEC3 = 0x9a
                    0x009a                  _IEC3 = 0x9a
                    0x009a                  _IEC3bits = 0x9a
                    0x009c                  IEC4 = 0x9c
                    0x009c                  _IEC4 = 0x9c
                    0x009c                  _IEC4bits = 0x9c
                    0x00a4                  IPC0 = 0xa4
                    0x00a4                  _IPC0 = 0xa4
                    0x00a4                  _IPC0bits = 0xa4
                    0x00a6                  IPC1 = 0xa6
                    0x00a6                  _IPC1 = 0xa6
                    0x00a6                  _IPC1bits = 0xa6
                    0x00a8                  IPC2 = 0xa8
                    0x00a8                  _IPC2 = 0xa8
                    0x00a8                  _IPC2bits = 0xa8
                    0x00aa                  IPC3 = 0xaa
                    0x00aa                  _IPC3 = 0xaa
                    0x00aa                  _IPC3bits = 0xaa
                    0x00ac                  IPC4 = 0xac
                    0x00ac                  _IPC4 = 0xac
                    0x00ac                  _IPC4bits = 0xac
                    0x00ae                  IPC5 = 0xae
                    0x00ae                  _IPC5 = 0xae
                    0x00ae                  _IPC5bits = 0xae
                    0x00b0                  IPC6 = 0xb0
                    0x00b0                  _IPC6 = 0xb0
                    0x00b0                  _IPC6bits = 0xb0
                    0x00b2                  IPC7 = 0xb2
                    0x00b2                  _IPC7 = 0xb2
                    0x00b2                  _IPC7bits = 0xb2
                    0x00b4                  IPC8 = 0xb4
                    0x00b4                  _IPC8 = 0xb4
                    0x00b4                  _IPC8bits = 0xb4
                    0x00b6                  IPC9 = 0xb6
                    0x00b6                  _IPC9 = 0xb6
                    0x00b6                  _IPC9bits = 0xb6
                    0x00b8                  IPC10 = 0xb8
                    0x00b8                  _IPC10 = 0xb8
                    0x00b8                  _IPC10bits = 0xb8
                    0x00ba                  IPC11 = 0xba
                    0x00ba                  _IPC11 = 0xba
                    0x00ba                  _IPC11bits = 0xba
                    0x00bc                  IPC12 = 0xbc
                    0x00bc                  _IPC12 = 0xbc
                    0x00bc                  _IPC12bits = 0xbc
                    0x00be                  IPC13 = 0xbe
                    0x00be                  _IPC13 = 0xbe
                    0x00be                  _IPC13bits = 0xbe
                    0x00c2                  IPC15 = 0xc2
                    0x00c2                  _IPC15 = 0xc2
                    0x00c2                  _IPC15bits = 0xc2
                    0x00c4                  IPC16 = 0xc4
                    0x00c4                  _IPC16 = 0xc4
                    0x00c4                  _IPC16bits = 0xc4
                    0x00e0                  INTTREG = 0xe0
                    0x00e0                  _INTTREG = 0xe0
                    0x00e0                  _INTTREGbits = 0xe0
                    0x0100                  TMR1 = 0x100
                    0x0100                  _TMR1 = 0x100
                    0x0102                  PR1 = 0x102
                    0x0102                  _PR1 = 0x102
                    0x0104                  T1CON = 0x104
                    0x0104                  _T1CON = 0x104
                    0x0104                  _T1CONbits = 0x104
                    0x0106                  TMR2 = 0x106
                    0x0106                  _TMR2 = 0x106
                    0x0108                  TMR3HLD = 0x108
                    0x0108                  _TMR3HLD = 0x108
                    0x010a                  TMR3 = 0x10a
                    0x010a                  _TMR3 = 0x10a
                    0x010c                  PR2 = 0x10c
                    0x010c                  _PR2 = 0x10c
                    0x010e                  PR3 = 0x10e
                    0x010e                  _PR3 = 0x10e
                    0x0110                  T2CON = 0x110
                    0x0110                  _T2CON = 0x110
                    0x0110                  _T2CONbits = 0x110
                    0x0112                  T3CON = 0x112
                    0x0112                  _T3CON = 0x112
                    0x0112                  _T3CONbits = 0x112
                    0x0114                  TMR4 = 0x114
                    0x0114                  _TMR4 = 0x114
                    0x0116                  TMR5HLD = 0x116
                    0x0116                  _TMR5HLD = 0x116
                    0x0118                  TMR5 = 0x118
                    0x0118                  _TMR5 = 0x118
                    0x011a                  PR4 = 0x11a
                    0x011a                  _PR4 = 0x11a
                    0x011c                  PR5 = 0x11c
                    0x011c                  _PR5 = 0x11c
                    0x011e                  T4CON = 0x11e
                    0x011e                  _T4CON = 0x11e
                    0x011e                  _T4CONbits = 0x11e
                    0x0120                  T5CON = 0x120
                    0x0120                  _T5CON = 0x120
                    0x0120                  _T5CONbits = 0x120
                    0x0140                  IC1BUF = 0x140
                    0x0140                  _IC1BUF = 0x140
                    0x0142                  IC1CON = 0x142
                    0x0142                  _IC1CON = 0x142
                    0x0142                  _IC1CONbits = 0x142
                    0x0144                  IC2BUF = 0x144
                    0x0144                  _IC2BUF = 0x144
                    0x0146                  IC2CON = 0x146
                    0x0146                  _IC2CON = 0x146
                    0x0146                  _IC2CONbits = 0x146
                    0x0148                  IC3BUF = 0x148
                    0x0148                  _IC3BUF = 0x148
                    0x014a                  IC3CON = 0x14a
                    0x014a                  _IC3CON = 0x14a
                    0x014a                  _IC3CONbits = 0x14a
                    0x014c                  IC4BUF = 0x14c
                    0x014c                  _IC4BUF = 0x14c
                    0x014e                  IC4CON = 0x14e
                    0x014e                  _IC4CON = 0x14e
                    0x014e                  _IC4CONbits = 0x14e
                    0x0150                  IC5BUF = 0x150
                    0x0150                  _IC5BUF = 0x150
                    0x0152                  IC5CON = 0x152
                    0x0152                  _IC5CON = 0x152
                    0x0152                  _IC5CONbits = 0x152
                    0x0180                  OC1RS = 0x180
                    0x0180                  _OC1RS = 0x180
                    0x0182                  OC1R = 0x182
                    0x0182                  _OC1R = 0x182
                    0x0184                  OC1CON = 0x184
                    0x0184                  _OC1CON = 0x184
                    0x0184                  _OC1CONbits = 0x184
                    0x0186                  OC2RS = 0x186
                    0x0186                  _OC2RS = 0x186
                    0x0188                  OC2R = 0x188
                    0x0188                  _OC2R = 0x188
                    0x018a                  OC2CON = 0x18a
                    0x018a                  _OC2CON = 0x18a
                    0x018a                  _OC2CONbits = 0x18a
                    0x018c                  OC3RS = 0x18c
                    0x018c                  _OC3RS = 0x18c
                    0x018e                  OC3R = 0x18e
                    0x018e                  _OC3R = 0x18e
                    0x0190                  OC3CON = 0x190
                    0x0190                  _OC3CON = 0x190
                    0x0190                  _OC3CONbits = 0x190
                    0x0192                  OC4RS = 0x192
                    0x0192                  _OC4RS = 0x192
                    0x0194                  OC4R = 0x194
                    0x0194                  _OC4R = 0x194
                    0x0196                  OC4CON = 0x196
                    0x0196                  _OC4CON = 0x196
                    0x0196                  _OC4CONbits = 0x196
                    0x0198                  OC5RS = 0x198
                    0x0198                  _OC5RS = 0x198
                    0x019a                  OC5R = 0x19a
                    0x019a                  _OC5R = 0x19a
                    0x019c                  OC5CON = 0x19c
                    0x019c                  _OC5CON = 0x19c
                    0x019c                  _OC5CONbits = 0x19c
                    0x0200                  I2C1RCV = 0x200
                    0x0200                  _I2C1RCV = 0x200
                    0x0202                  I2C1TRN = 0x202
                    0x0202                  _I2C1TRN = 0x202
                    0x0204                  I2C1BRG = 0x204
                    0x0204                  _I2C1BRG = 0x204
                    0x0206                  I2C1CON = 0x206
                    0x0206                  _I2C1CON = 0x206
                    0x0206                  _I2C1CONbits = 0x206
                    0x0208                  I2C1STAT = 0x208
                    0x0208                  _I2C1STAT = 0x208
                    0x0208                  _I2C1STATbits = 0x208
                    0x020a                  I2C1ADD = 0x20a
                    0x020a                  _I2C1ADD = 0x20a
                    0x020c                  I2C1MSK = 0x20c
                    0x020c                  _I2C1MSK = 0x20c
                    0x0210                  I2C2RCV = 0x210
                    0x0210                  _I2C2RCV = 0x210
                    0x0212                  I2C2TRN = 0x212
                    0x0212                  _I2C2TRN = 0x212
                    0x0214                  I2C2BRG = 0x214
                    0x0214                  _I2C2BRG = 0x214
                    0x0216                  I2C2CON = 0x216
                    0x0216                  _I2C2CON = 0x216
                    0x0216                  _I2C2CONbits = 0x216
                    0x0218                  I2C2STAT = 0x218
                    0x0218                  _I2C2STAT = 0x218
                    0x0218                  _I2C2STATbits = 0x218
                    0x021a                  I2C2ADD = 0x21a
                    0x021a                  _I2C2ADD = 0x21a
                    0x021c                  I2C2MSK = 0x21c
                    0x021c                  _I2C2MSK = 0x21c
                    0x0220                  U1MODE = 0x220
                    0x0220                  _U1MODE = 0x220
                    0x0220                  _U1MODEbits = 0x220
                    0x0222                  U1STA = 0x222
                    0x0222                  _U1STA = 0x222
                    0x0222                  _U1STAbits = 0x222
                    0x0224                  U1TXREG = 0x224
                    0x0224                  _U1TXREG = 0x224
                    0x0226                  U1RXREG = 0x226
                    0x0226                  _U1RXREG = 0x226
                    0x0228                  U1BRG = 0x228
                    0x0228                  _U1BRG = 0x228
                    0x0230                  U2MODE = 0x230
                    0x0230                  _U2MODE = 0x230
                    0x0230                  _U2MODEbits = 0x230
                    0x0232                  U2STA = 0x232
                    0x0232                  _U2STA = 0x232
                    0x0232                  _U2STAbits = 0x232
                    0x0234                  U2TXREG = 0x234
                    0x0234                  _U2TXREG = 0x234
                    0x0236                  U2RXREG = 0x236
                    0x0236                  _U2RXREG = 0x236
                    0x0238                  U2BRG = 0x238
                    0x0238                  _U2BRG = 0x238
                    0x0240                  SPI1STAT = 0x240
                    0x0240                  _SPI1STAT = 0x240
                    0x0240                  _SPI1STATbits = 0x240
                    0x0242                  SPI1CON1 = 0x242
                    0x0242                  _SPI1CON1 = 0x242
                    0x0242                  _SPI1CON1bits = 0x242
                    0x0244                  SPI1CON2 = 0x244
                    0x0244                  _SPI1CON2 = 0x244
                    0x0244                  _SPI1CON2bits = 0x244
                    0x0248                  SPI1BUF = 0x248
                    0x0248                  _SPI1BUF = 0x248
                    0x0260                  SPI2STAT = 0x260
                    0x0260                  _SPI2STAT = 0x260
                    0x0260                  _SPI2STATbits = 0x260
                    0x0262                  SPI2CON1 = 0x262
                    0x0262                  _SPI2CON1 = 0x262
                    0x0262                  _SPI2CON1bits = 0x262
                    0x0264                  SPI2CON2 = 0x264
                    0x0264                  _SPI2CON2 = 0x264
                    0x0264                  _SPI2CON2bits = 0x264
                    0x0268                  SPI2BUF = 0x268
                    0x0268                  _SPI2BUF = 0x268
                    0x02c0                  TRISA = 0x2c0
                    0x02c0                  _TRISA = 0x2c0
                    0x02c0                  _TRISAbits = 0x2c0
                    0x02c2                  PORTA = 0x2c2
                    0x02c2                  _PORTA = 0x2c2
                    0x02c2                  _PORTAbits = 0x2c2
                    0x02c4                  LATA = 0x2c4
                    0x02c4                  _LATA = 0x2c4
                    0x02c4                  _LATAbits = 0x2c4
                    0x02c6                  TRISB = 0x2c6
                    0x02c6                  _TRISB = 0x2c6
                    0x02c6                  _TRISBbits = 0x2c6
                    0x02c8                  PORTB = 0x2c8
                    0x02c8                  _PORTB = 0x2c8
                    0x02c8                  _PORTBbits = 0x2c8
                    0x02ca                  LATB = 0x2ca
                    0x02ca                  _LATB = 0x2ca
                    0x02ca                  _LATBbits = 0x2ca
                    0x02cc                  TRISC = 0x2cc
                    0x02cc                  _TRISC = 0x2cc
                    0x02cc                  _TRISCbits = 0x2cc
                    0x02ce                  PORTC = 0x2ce
                    0x02ce                  _PORTC = 0x2ce
                    0x02ce                  _PORTCbits = 0x2ce
                    0x02d0                  LATC = 0x2d0
                    0x02d0                  _LATC = 0x2d0
                    0x02d0                  _LATCbits = 0x2d0
                    0x02d2                  TRISD = 0x2d2
                    0x02d2                  _TRISD = 0x2d2
                    0x02d2                  _TRISDbits = 0x2d2
                    0x02d4                  PORTD = 0x2d4
                    0x02d4                  _PORTD = 0x2d4
                    0x02d4                  _PORTDbits = 0x2d4
                    0x02d6                  LATD = 0x2d6
                    0x02d6                  _LATD = 0x2d6
                    0x02d6                  _LATDbits = 0x2d6
                    0x02d8                  TRISE = 0x2d8
                    0x02d8                  _TRISE = 0x2d8
                    0x02d8                  _TRISEbits = 0x2d8
                    0x02da                  PORTE = 0x2da
                    0x02da                  _PORTE = 0x2da
                    0x02da                  _PORTEbits = 0x2da
                    0x02dc                  LATE = 0x2dc
                    0x02dc                  _LATE = 0x2dc
                    0x02dc                  _LATEbits = 0x2dc
                    0x02de                  TRISF = 0x2de
                    0x02de                  _TRISF = 0x2de
                    0x02de                  _TRISFbits = 0x2de
                    0x02e0                  PORTF = 0x2e0
                    0x02e0                  _PORTF = 0x2e0
                    0x02e0                  _PORTFbits = 0x2e0
                    0x02e2                  LATF = 0x2e2
                    0x02e2                  _LATF = 0x2e2
                    0x02e2                  _LATFbits = 0x2e2
                    0x02e4                  TRISG = 0x2e4
                    0x02e4                  _TRISG = 0x2e4
                    0x02e4                  _TRISGbits = 0x2e4
                    0x02e6                  PORTG = 0x2e6
                    0x02e6                  _PORTG = 0x2e6
                    0x02e6                  _PORTGbits = 0x2e6
                    0x02e8                  LATG = 0x2e8
                    0x02e8                  _LATG = 0x2e8
                    0x02e8                  _LATGbits = 0x2e8
                    0x02fc                  PADCFG1 = 0x2fc
                    0x02fc                  _PADCFG1 = 0x2fc
                    0x02fc                  _PADCFG1bits = 0x2fc
                    0x0300                  ADC1BUF0 = 0x300
                    0x0300                  _ADC1BUF0 = 0x300
                    0x0302                  ADC1BUF1 = 0x302
                    0x0302                  _ADC1BUF1 = 0x302
                    0x0304                  ADC1BUF2 = 0x304
                    0x0304                  _ADC1BUF2 = 0x304
                    0x0306                  ADC1BUF3 = 0x306
                    0x0306                  _ADC1BUF3 = 0x306
                    0x0308                  ADC1BUF4 = 0x308
                    0x0308                  _ADC1BUF4 = 0x308
                    0x030a                  ADC1BUF5 = 0x30a
                    0x030a                  _ADC1BUF5 = 0x30a
                    0x030c                  ADC1BUF6 = 0x30c
                    0x030c                  _ADC1BUF6 = 0x30c
                    0x030e                  ADC1BUF7 = 0x30e
                    0x030e                  _ADC1BUF7 = 0x30e
                    0x0310                  ADC1BUF8 = 0x310
                    0x0310                  _ADC1BUF8 = 0x310
                    0x0312                  ADC1BUF9 = 0x312
                    0x0312                  _ADC1BUF9 = 0x312
                    0x0314                  ADC1BUFA = 0x314
                    0x0314                  _ADC1BUFA = 0x314
                    0x0316                  ADC1BUFB = 0x316
                    0x0316                  _ADC1BUFB = 0x316
                    0x0318                  ADC1BUFC = 0x318
                    0x0318                  _ADC1BUFC = 0x318
                    0x031a                  ADC1BUFD = 0x31a
                    0x031a                  _ADC1BUFD = 0x31a
                    0x031c                  ADC1BUFE = 0x31c
                    0x031c                  _ADC1BUFE = 0x31c
                    0x031e                  ADC1BUFF = 0x31e
                    0x031e                  _ADC1BUFF = 0x31e
                    0x0320                  AD1CON1 = 0x320
                    0x0320                  _AD1CON1 = 0x320
                    0x0320                  _AD1CON1bits = 0x320
                    0x0322                  AD1CON2 = 0x322
                    0x0322                  _AD1CON2 = 0x322
                    0x0322                  _AD1CON2bits = 0x322
                    0x0324                  AD1CON3 = 0x324
                    0x0324                  _AD1CON3 = 0x324
                    0x0324                  _AD1CON3bits = 0x324
                    0x0328                  AD1CHS = 0x328
                    0x0328                  _AD1CHS = 0x328
                    0x0328                  _AD1CHSbits = 0x328
                    0x032c                  AD1PCFG = 0x32c
                    0x032c                  _AD1PCFG = 0x32c
                    0x032c                  _AD1PCFGbits = 0x32c
                    0x0330                  AD1CSSL = 0x330
                    0x0330                  _AD1CSSL = 0x330
                    0x0330                  _AD1CSSLbits = 0x330
                    0x0600                  PMCON = 0x600
                    0x0600                  _PMCON = 0x600
                    0x0600                  _PMCONbits = 0x600
                    0x0602                  PMMODE = 0x602
                    0x0602                  _PMMODE = 0x602
                    0x0602                  _PMMODEbits = 0x602
                    0x0604                  PMADDR = 0x604
                    0x0604                  _PMADDR = 0x604
                    0x0604                  _PMADDRbits = 0x604
                    0x0604                  PMDOUT1 = 0x604
                    0x0604                  _PMDOUT1 = 0x604
                    0x0606                  PMDOUT2 = 0x606
                    0x0606                  _PMDOUT2 = 0x606
                    0x0608                  PMDIN1 = 0x608
                    0x0608                  _PMDIN1 = 0x608
                    0x060a                  PMDIN2 = 0x60a
                    0x060a                  _PMDIN2 = 0x60a
                    0x060c                  PMAEN = 0x60c
                    0x060c                  _PMAEN = 0x60c
                    0x060c                  _PMAENbits = 0x60c
                    0x060e                  PMSTAT = 0x60e
                    0x060e                  _PMSTAT = 0x60e
                    0x060e                  _PMSTATbits = 0x60e
                    0x0620                  ALRMVAL = 0x620
                    0x0620                  _ALRMVAL = 0x620
                    0x0622                  ALCFGRPT = 0x622
                    0x0622                  _ALCFGRPT = 0x622
                    0x0622                  _ALCFGRPTbits = 0x622
                    0x0624                  RTCVAL = 0x624
                    0x0624                  _RTCVAL = 0x624
                    0x0626                  RCFGCAL = 0x626
                    0x0626                  _RCFGCAL = 0x626
                    0x0626                  _RCFGCALbits = 0x626
                    0x0630                  CMCON = 0x630
                    0x0630                  _CMCON = 0x630
                    0x0630                  _CMCONbits = 0x630
                    0x0632                  CVRCON = 0x632
                    0x0632                  _CVRCON = 0x632
                    0x0632                  _CVRCONbits = 0x632
                    0x0640                  CRCCON = 0x640
                    0x0640                  _CRCCON = 0x640
                    0x0640                  _CRCCONbits = 0x640
                    0x0642                  CRCXOR = 0x642
                    0x0642                  _CRCXOR = 0x642
                    0x0642                  _CRCXORbits = 0x642
                    0x0644                  CRCDAT = 0x644
                    0x0644                  _CRCDAT = 0x644
                    0x0646                  CRCWDAT = 0x646
                    0x0646                  _CRCWDAT = 0x646
                    0x06c0                  ODCA = 0x6c0
                    0x06c0                  _ODCA = 0x6c0
                    0x06c0                  _ODCAbits = 0x6c0
                    0x06c6                  ODCB = 0x6c6
                    0x06c6                  _ODCB = 0x6c6
                    0x06c6                  _ODCBbits = 0x6c6
                    0x06cc                  ODCC = 0x6cc
                    0x06cc                  _ODCC = 0x6cc
                    0x06cc                  _ODCCbits = 0x6cc
                    0x06d2                  ODCD = 0x6d2
                    0x06d2                  _ODCD = 0x6d2
                    0x06d2                  _ODCDbits = 0x6d2
                    0x06d8                  ODCE = 0x6d8
                    0x06d8                  _ODCE = 0x6d8
                    0x06d8                  _ODCEbits = 0x6d8
                    0x06de                  ODCF = 0x6de
                    0x06de                  _ODCF = 0x6de
                    0x06de                  _ODCFbits = 0x6de
                    0x06e4                  ODCG = 0x6e4
                    0x06e4                  _ODCG = 0x6e4
                    0x06e4                  _ODCGbits = 0x6e4
                    0x0740                  RCON = 0x740
                    0x0740                  _RCON = 0x740
                    0x0740                  _RCONbits = 0x740
                    0x0742                  OSCCON = 0x742
                    0x0742                  _OSCCON = 0x742
                    0x0742                  _OSCCONbits = 0x742
                    0x0742                  OSCCONL = 0x742
                    0x0742                  _OSCCONL = 0x742
                    0x0743                  OSCCONH = 0x743
                    0x0743                  _OSCCONH = 0x743
                    0x0744                  CLKDIV = 0x744
                    0x0744                  _CLKDIV = 0x744
                    0x0744                  _CLKDIVbits = 0x744
                    0x0748                  OSCTUN = 0x748
                    0x0748                  _OSCTUN = 0x748
                    0x0748                  _OSCTUNbits = 0x748
                    0x0760                  NVMCON = 0x760
                    0x0760                  _NVMCON = 0x760
                    0x0760                  _NVMCONbits = 0x760
                    0x0766                  NVMKEY = 0x766
                    0x0766                  _NVMKEY = 0x766
                    0x0770                  PMD1 = 0x770
                    0x0770                  _PMD1 = 0x770
                    0x0770                  _PMD1bits = 0x770
                    0x0772                  PMD2 = 0x772
                    0x0772                  _PMD2 = 0x772
                    0x0772                  _PMD2bits = 0x772
                    0x0774                  PMD3 = 0x774
                    0x0774                  _PMD3 = 0x774
                    0x0774                  _PMD3bits = 0x774
                    0x0140                  IC1 = 0x140
                    0x0140                  _IC1 = 0x140
                    0x0144                  IC2 = 0x144
                    0x0144                  _IC2 = 0x144
                    0x0148                  IC3 = 0x148
                    0x0148                  _IC3 = 0x148
                    0x014c                  IC4 = 0x14c
                    0x014c                  _IC4 = 0x14c
                    0x0150                  IC5 = 0x150
                    0x0150                  _IC5 = 0x150
                    0x0180                  OC1 = 0x180
                    0x0180                  _OC1 = 0x180
                    0x0186                  OC2 = 0x186
                    0x0186                  _OC2 = 0x186
                    0x018c                  OC3 = 0x18c
                    0x018c                  _OC3 = 0x18c
                    0x0192                  OC4 = 0x192
                    0x0192                  _OC4 = 0x192
                    0x0198                  OC5 = 0x198
                    0x0198                  _OC5 = 0x198
                    0x0240                  SPI1 = 0x240
                    0x0240                  _SPI1 = 0x240
                    0x0260                  SPI2 = 0x260
                    0x0260                  _SPI2 = 0x260
                    0x0220                  UART1 = 0x220
                    0x0220                  _UART1 = 0x220
                    0x0230                  UART2 = 0x230
                    0x0230                  _UART2 = 0x230
START GROUP
LOAD c:/program files/microchip/xc16/v1.61/bin/bin/../../lib\liblega-pic30-elf.a
LOAD c:/program files/microchip/xc16/v1.61/bin/bin/../../lib\libm-elf.a
LOAD c:/program files/microchip/xc16/v1.61/bin/bin/../../lib\liblega-c-elf.a
END GROUP
OUTPUT(dist/default/debug/FreeRTOS.debug.elf elf32-pic30)
LOAD jump_table
LOAD default_isr
LOAD data_init

.debug_pubtypes
                  0x0000d8        0x7ad
 .debug_pubtypes
                  0x0000d8         0x98 build/default/debug/list.o
 .debug_pubtypes
                  0x000170         0x7a build/default/debug/main.o
 .debug_pubtypes
                  0x0001ea        0x118 build/default/debug/port.o
 .debug_pubtypes
                  0x000302        0x18a build/default/debug/queue.o
 .debug_pubtypes
                  0x00048c        0x1a4 build/default/debug/tasks.o
 .debug_pubtypes
                  0x000630         0x37 build/default/debug/heap_1.o
 .debug_pubtypes
                  0x000667        0x100 build/default/debug/event_groups.o
 .debug_pubtypes
                  0x000767        0x11e build/default/debug/user_task.o

__c30_signature
                  0x000885         0x42
 __c30_signature
                  0x000885          0x6 build/default/debug/list.o
 __c30_signature
                  0x00088b          0x6 build/default/debug/main.o
 __c30_signature
                  0x000891          0x6 build/default/debug/port.o
 __c30_signature
                  0x000897          0x6 build/default/debug/queue.o
 __c30_signature
                  0x00089d          0x6 build/default/debug/tasks.o
 __c30_signature
                  0x0008a3          0x6 build/default/debug/heap_1.o
 __c30_signature
                  0x0008a9          0x6 build/default/debug/event_groups.o
 __c30_signature
                  0x0008af          0x6 build/default/debug/user_task.o
 __c30_signature
                  0x0008b5          0x6 c:/program files/microchip/xc16/v1.61/bin/bin/../../lib\liblega-pic30-elf.a(crt0_standard.o)
 __c30_signature
                  0x0008bb          0x6 c:/program files/microchip/xc16/v1.61/bin/bin/../../lib\liblega-pic30-elf.a(data_init_standard.o)
 __c30_signature
                  0x0008c1          0x6 c:/program files/microchip/xc16/v1.61/bin/bin/../../lib\liblega-c-elf.a(memcpy.XX_eo)

.nbss               0x0800         0x24
 .nbss              0x0800         0x1c build/default/debug/tasks.o
                    0x0800                  _pxCurrentTCB
                    0x0802                  _pxDelayedTaskList
                    0x0804                  _pxOverflowDelayedTaskList
                    0x0806                  _uxCurrentNumberOfTasks
                    0x0808                  _xTickCount
                    0x080a                  _uxTopReadyPriority
                    0x080c                  _xSchedulerRunning
                    0x080e                  _uxPendedTicks
                    0x0810                  _xYieldPending
                    0x0812                  _xNumOfOverflows
                    0x0814                  _uxTaskNumber
                    0x0816                  _xNextTaskUnblockTime
                    0x0818                  _xIdleTaskHandle
                    0x081a                  _uxSchedulerSuspended
 .nbss              0x081c          0x8 build/default/debug/main.o
                    0x081c                  _w_machine
                    0x0820                  _i_machine

.ndata              0x0824          0x2
 .ndata             0x0824          0x2 build/default/debug/port.o
                    0x0824                  _uxCriticalNesting

.nbss               0x0826          0x4
 .nbss              0x0826          0x2 build/default/debug/heap_1.o
 .nbss              0x0828          0x2 build/default/debug/user_task.o
                    0x0828                  _flag

.bss                0x082a       0x14c0
 .bss               0x082a       0x1400 build/default/debug/heap_1.o
 .bss               0x1c2a         0x70 build/default/debug/main.o
                    0x1c2a                  _f_clothes
 .bss               0x1c9a         0x50 build/default/debug/tasks.o
                    0x1c9a                  _pxReadyTasksLists
                    0x1cc2                  _xDelayedTaskList1
                    0x1ccc                  _xDelayedTaskList2
                    0x1cd6                  _xPendingReadyList
                    0x1ce0                  _xSuspendedTaskList

.ivt._T1Interrupt
                  0x00001a          0x2
 .ivt._T1Interrupt
                  0x00001a          0x2 build/default/debug/port.o

.ivt._INT0Interrupt
                  0x000014          0x2
 .ivt._INT0Interrupt
                  0x000014          0x2 build/default/debug/user_task.o

.const              0x8356         0x52 load address 0x000356  
 .const             0x8356         0x2c build/default/debug/main.o
 .const             0x8382         0x20 build/default/debug/port.o
 .const             0x83a2          0x6 build/default/debug/tasks.o

.text             0x0003a8       0x1cce
 .text            0x0003a8        0xc1c build/default/debug/tasks.o
                  0x0003a8                  _xTaskCreate
                  0x000412                  _prvInitialiseNewTask
                  0x0004d6                  _prvAddNewTaskToReadyList
                  0x000552                  _vTaskDelay
                  0x00057c                  _vTaskSuspend
                  0x0005ee                  _prvTaskIsTaskSuspended
                  0x000620                  _vTaskResume
                  0x00067e                  _xTaskResumeFromISR
                  0x0006e8                  _vTaskStartScheduler
                  0x00071e                  _vTaskEndScheduler
                  0x000736                  _vTaskSuspendAll
                  0x000742                  _xTaskResumeAll
                  0x0007ec                  _xTaskGetTickCount
                  0x0007fc                  _xTaskGetTickCountFromISR
                  0x00080c                  _uxTaskGetNumberOfTasks
                  0x000814                  _pcTaskGetName
                  0x00082e                  _xTaskIncrementTick
                  0x00090c                  _vTaskSwitchContext
                  0x000970                  _vTaskPlaceOnEventList
                  0x00098a                  _vTaskPlaceOnUnorderedEventList
                  0x0009ae                  _xTaskRemoveFromEventList
                  0x000a1c                  _vTaskRemoveFromUnorderedEventList
                  0x000a70                  _vTaskSetTimeOutState
                  0x000a88                  _vTaskInternalSetTimeOutState
                  0x000a9c                  _xTaskCheckForTimeOut
                  0x000b0c                  _vTaskMissedYield
                  0x000b16                  _prvIdleTask
                  0x000b1e                  _prvInitialiseTaskLists
                  0x000b56                  _prvCheckTasksWaitingTermination
                  0x000b5c                  _prvResetNextTaskUnblockTime
                  0x000b7e                  _uxTaskResetEventItemValue
                  0x000b96                  _ulTaskNotifyTake
                  0x000c02                  _xTaskNotifyWait
                  0x000cbe                  _xTaskGenericNotify
                  0x000da6                  _xTaskGenericNotifyFromISR
                  0x000eac                  _vTaskNotifyGiveFromISR
                  0x000f34                  _xTaskNotifyStateClear
                  0x000f68                  _prvAddCurrentTaskToDelayedList
 .text            0x000fc4        0x826 build/default/debug/queue.o
                  0x000fc4                  _xQueueGenericReset
                  0x00104c                  _xQueueGenericCreate
                  0x0010ca                  _xQueueGenericSend
                  0x0011a8                  _xQueueGenericSendFromISR
                  0x00121a                  _xQueueGiveFromISR
                  0x001286                  _xQueueReceive
                  0x00135e                  _xQueueSemaphoreTake
                  0x00142e                  _xQueuePeek
                  0x00150a                  _xQueueReceiveFromISR
                  0x00157a                  _xQueuePeekFromISR
                  0x0015b2                  _uxQueueMessagesWaiting
                  0x0015c6                  _uxQueueSpacesAvailable
                  0x0015e4                  _uxQueueMessagesWaitingFromISR
                  0x0015f8                  _vQueueDelete
                  0x001782                  _xQueueIsQueueEmptyFromISR
                  0x0017c6                  _xQueueIsQueueFullFromISR
 .text            0x0017ea        0x34a build/default/debug/event_groups.o
                  0x0017ea                  _xEventGroupCreate
                  0x001808                  _xEventGroupSync
                  0x0018c4                  _xEventGroupWaitBits
                  0x0019a4                  _xEventGroupClearBits
                  0x0019cc                  _xEventGroupGetBitsFromISR
                  0x0019e4                  _xEventGroupSetBits
                  0x001aae                  _vEventGroupDelete
                  0x001ad8                  _vEventGroupSetBitsCallback
                  0x001aea                  _vEventGroupClearBitsCallback
 .text            0x001b34        0x20e build/default/debug/user_task.o
                  0x001b34                  _config_tasks
                  0x001b4a                  _task_read_buttons
                  0x001bea                  _check_wash
                  0x001c62                  _run_wash
                  0x001cb0                  _check_ironing
                  0x001cfc                  _run_ironing
 .text            0x001d42        0x128 build/default/debug/list.o
                  0x001d42                  _vListInitialise
                  0x001d74                  _vListInitialiseItem
                  0x001d82                  _vListInsertEnd
                  0x001dbe                  _vListInsert
                  0x001e22                  _uxListRemove
 .text            0x001e6a        0x122 build/default/debug/port.o
                  0x001e6a                  _pxPortInitialiseStack
                  0x001efa                  _xPortStartScheduler
                  0x001f28                  _vPortEndScheduler
                  0x001f2e                  _vApplicationSetupTickTimerInterrupt
                  0x001f56                  _vPortEnterCritical
                  0x001f70                  _vPortExitCritical
 .text            0x001f8c         0x66 build/default/debug/heap_1.o
                  0x001f8c                  _pvPortMalloc
                  0x001fd6                  _vPortFree
                  0x001fde                  _vPortInitialiseBlocks
                  0x001fe6                  _xPortGetFreeHeapSize
 .text            0x001ff2         0x50 build/default/debug/portasm_PIC24.o
                  0x001ff2                  _vPortYield
 .text            0x002042         0x34 build/default/debug/main.o
                  0x002042                  _main

.dinit            0x002076         0x34
 .dinit           0x002076         0x34 data_init
